// Jest Snapshot v1, https://goo.gl/fbAQLP

exports[`renders App without crashing 1`] = `
<div
  className="App"
>
  <div
    style={
      Object {
        "outline": "none",
      }
    }
    tabIndex="-1"
  />
</div>
`;
