// Jest Snapshot v1, https://goo.gl/fbAQLP

exports[`renders DeleteButton without crashing 1`] = `
<button
  onClick={[Function]}
>
  Walk the Plank
</button>
`;
