// Jest Snapshot v1, https://goo.gl/fbAQLP

exports[`renders Pirate without crashing 1`] = `
<div
  className="pirate"
>
  
</div>
`;
