// Jest Snapshot v1, https://goo.gl/fbAQLP

exports[`renders Pirates without crashing 1`] = `
<div
  className="pirates"
>
  
</div>
`;
